
> Configure project :app
WARNING: The option setting 'android.disallowKotlinSourceSets=false' is experimental.
The current default is 'true'.

> Task :app:preBuild UP-TO-DATE
> Task :app:preStudentDebugBuild UP-TO-DATE
> Task :app:generateStudentDebugBuildConfig UP-TO-DATE
> Task :app:generateStudentDebugResources UP-TO-DATE
> Task :app:packageStudentDebugResources UP-TO-DATE
> Task :app:processStudentDebugNavigationResources UP-TO-DATE
> Task :app:parseStudentDebugLocalResources UP-TO-DATE
> Task :app:generateStudentDebugRFile UP-TO-DATE
> Task :app:kspStudentDebugKotlin UP-TO-DATE

> Task :app:compileStudentDebugKotlin FAILED
.\gradlew.bat : e: file:///C:/Users/Verana/AndroidStudioProjects/BasaHero/app/src/main/java/com/basahero/elearning/ui/s
tudent/home/StudentBottomNav.kt:78:40 Unresolved reference 'CircleShape'.
At line:1 char:1
+ .\gradlew.bat compileStudentDebugKotlin > build_errors.txt 2>&1
+ ~~~~~~~~~~~~~~~~~~~~~~~~~~~~~~~~~~~~~~~~~~~~~~~~~~~~~~~~~~~~~~~
    + CategoryInfo          : NotSpecified: (e: file:///C:/U... 'CircleShape'.:String) [], RemoteException
    + FullyQualifiedErrorId : NativeCommandError
 
e: file:///C:/Users/Verana/AndroidStudioProjects/BasaHero/app/src/main/java/com/basahero/elearning/ui/student/home/Stud
entBottomNav.kt:79:31 Unresolved reference 'CircleShape'.

FAILURE: Build failed with an exception.

* What went wrong:
Execution failed for task ':app:compileStudentDebugKotlin'.
> A failure occurred while executing 
org.jetbrains.kotlin.compilerRunner.GradleCompilerRunnerWithWorkers$GradleKotlinCompilerWorkAction
   > Compilation error. See log for more details

* Try:
> Run with --stacktrace option to get the stack trace.
> Run with --info or --debug option to get more log output.
> Run with --scan to get full insights from a Build Scan (powered by Develocity).
> Get more help at https://help.gradle.org.

BUILD FAILED in 7s
8 actionable tasks: 1 executed, 7 up-to-date
